
> tonomi-accessoires@0.1.0 build
> next build

ظû▓ Next.js 16.1.6 (Turbopack)
- Experiments (use with caution):
  ┬╖ optimizePackageImports

node.exe : ظأب The "middleware" file convention is deprecated. 
Please use "proxy" instead. Learn more: 
https://nextjs.org/docs/messages/middleware-to-proxy
Au caractère Ligne:1 : 1
+ & "C:\Program Files\nodejs/node.exe" 
"C:\Users\cisse\AppData\Roaming\ ...
+ ~~~~~~~~~~~~~~~~~~~~~~~~~~~~~~~~~~~~~~~~~~~~~~~~~~~~~~~~~~~~~
~~~~~~~~
    + CategoryInfo          : NotSpecified: (ظأب The "middle.. 
   .leware-to-proxy:String) [], RemoteException
    + FullyQualifiedErrorId : NativeCommandError
 
  Creating an optimized production build ...
ظ£ô Compiled successfully in 11.2s
  Running TypeScript ...
Failed to compile.

./components/ui/sheet.tsx:40:11
Type error: Property 'onDrag' does not exist on type 
'Omit<DialogOverlayProps & RefAttributes<HTMLDivElement>, 
"onDrag" | "onDragEnd" | "onDragStart">'.

[0m [90m 38 |[39m }[33m:[39m [33mReact[39m[33m.[39m[3
3mComponentProps[39m[33m<[39m[36mtypeof[39m [33mSheetPrim
itive[39m[33m.[39m[33mOverlay[39m[33m>[39m) {
 [90m 39 |[39m   [90m// Exclure les props HTML qui entrent 
en conflit avec Framer Motion[39m
[31m[1m>[22m[39m[90m 40 |[39m   [36mconst[39m { 
onDrag[33m:[39m _onDrag[33m,[39m onDragStart[33m:[39m 
_onDragStart[33m,[39m onDragEnd[33m:[39m 
_onDragEnd[33m,[39m [33m...[39mmotionProps } [33m=[39m 
props [36mas[39m [33mOmit[39m[33m<[39m[33mReact[39m[33
m.[39m[33mComponentProps[39m[33m<[39m[36mtypeof[39m [33
mSheetPrimitive[39m[33m.[39m[33mOverlay[39m[33m>[39m[33
m,[39m [32m'onDrag'[39m [33m|[39m [32m'onDragStart'[39m 
[33m|[39m [32m'onDragEnd'[39m[33m>[39m
 [90m    |[39m           [31m[1m^[22m[39m
 [90m 41 |[39m   
 [90m 42 |[39m   [36mreturn[39m (
 [90m 43 |[39m     [33m<[39m[33mSheetPrimitive[39m[33m.
[39m[33mOverlay[39m asChild[33m>[39m[0m
Next.js build worker exited with code: 1 and signal: null
